// Jest Snapshot v1, https://goo.gl/fbAQLP

exports[`Cell component 1`] = `
<div
  className="forecast-cell"
>
  <span>
    <img
      alt="hot"
      height="50px"
      src="http://openweathermap.org/img/w/.png"
      width="50px"
    />
  </span>
  <span>
    12:00 AM
  </span>
  <span>
    2
    °C
  </span>
</div>
`;
